
> xiapool@0.1.0 build
> next build

  Γû▓ Next.js 14.2.35
  - Environments: .env.local

   Creating an optimized production build ...
 Γ£ô Compiled successfully
   Linting and checking validity of types ...
   Collecting page data ...
   Generating static pages (0/9) ...
node.exe : Error: useLanguage must be used within a LanguageProvider
At line:1 char:1
+ & "D:\node.js/node.exe" "D:\node.js/node_modules/npm/bin/npm-cli.js"  ...
+ ~~~~~~~~~~~~~~~~~~~~~~~~~~~~~~~~~~~~~~~~~~~~~~~~~~~~~~~~~~~~~~~~~~~~~
    + CategoryInfo          : NotSpecified: (Error: useLangu...anguageProvider 
   :String) [], RemoteException
    + FullyQualifiedErrorId : NativeCommandError
 
    at l (C:\Users\angpe\Desktop\Jackpot\Xiapool\.next\server\chunks\922.js:1:1
4826)
    at l (C:\Users\angpe\Desktop\Jackpot\Xiapool\.next\server\chunks\922.js:1:6
33)
    at nj (C:\Users\angpe\Desktop\Jackpot\Xiapool\node_modules\next\dist\compil
ed\next-server\app-page.runtime.prod.js:12:46252)
    at nM (C:\Users\angpe\Desktop\Jackpot\Xiapool\node_modules\next\dist\compil
ed\next-server\app-page.runtime.prod.js:12:47572)
    at nM (C:\Users\angpe\Desktop\Jackpot\Xiapool\node_modules\next\dist\compil
ed\next-server\app-page.runtime.prod.js:12:61547)
    at nL (C:\Users\angpe\Desktop\Jackpot\Xiapool\node_modules\next\dist\compil
ed\next-server\app-page.runtime.prod.js:12:64547)
    at nB (C:\Users\angpe\Desktop\Jackpot\Xiapool\node_modules\next\dist\compil
ed\next-server\app-page.runtime.prod.js:12:67539)
    at nD (C:\Users\angpe\Desktop\Jackpot\Xiapool\node_modules\next\dist\compil
ed\next-server\app-page.runtime.prod.js:12:66681)
    at nL (C:\Users\angpe\Desktop\Jackpot\Xiapool\node_modules\next\dist\compil
ed\next-server\app-page.runtime.prod.js:12:64854)
    at nB (C:\Users\angpe\Desktop\Jackpot\Xiapool\node_modules\next\dist\compil
ed\next-server\app-page.runtime.prod.js:12:67539) {
  digest: '2727067523'
}

Error occurred prerendering page "/". Read more: https://nextjs.org/docs/messag
es/prerender-error

Error: useLanguage must be used within a LanguageProvider
    at l (C:\Users\angpe\Desktop\Jackpot\Xiapool\.next\server\chunks\922.js:1:1
4826)
    at l (C:\Users\angpe\Desktop\Jackpot\Xiapool\.next\server\chunks\922.js:1:6
33)
    at nj (C:\Users\angpe\Desktop\Jackpot\Xiapool\node_modules\next\dist\compil
ed\next-server\app-page.runtime.prod.js:12:46252)
    at nM (C:\Users\angpe\Desktop\Jackpot\Xiapool\node_modules\next\dist\compil
ed\next-server\app-page.runtime.prod.js:12:47572)
    at nM (C:\Users\angpe\Desktop\Jackpot\Xiapool\node_modules\next\dist\compil
ed\next-server\app-page.runtime.prod.js:12:61547)
    at nL (C:\Users\angpe\Desktop\Jackpot\Xiapool\node_modules\next\dist\compil
ed\next-server\app-page.runtime.prod.js:12:64547)
    at nB (C:\Users\angpe\Desktop\Jackpot\Xiapool\node_modules\next\dist\compil
ed\next-server\app-page.runtime.prod.js:12:67539)
    at nD (C:\Users\angpe\Desktop\Jackpot\Xiapool\node_modules\next\dist\compil
ed\next-server\app-page.runtime.prod.js:12:66681)
    at nL (C:\Users\angpe\Desktop\Jackpot\Xiapool\node_modules\next\dist\compil
ed\next-server\app-page.runtime.prod.js:12:64854)
    at nB (C:\Users\angpe\Desktop\Jackpot\Xiapool\node_modules\next\dist\compil
ed\next-server\app-page.runtime.prod.js:12:67539)
Error: useLanguage must be used within a LanguageProvider
    at l (C:\Users\angpe\Desktop\Jackpot\Xiapool\.next\server\chunks\922.js:1:1
4826)
    at l (C:\Users\angpe\Desktop\Jackpot\Xiapool\.next\server\chunks\922.js:1:6
33)
    at nj (C:\Users\angpe\Desktop\Jackpot\Xiapool\node_modules\next\dist\compil
ed\next-server\app-page.runtime.prod.js:12:46252)
    at nM (C:\Users\angpe\Desktop\Jackpot\Xiapool\node_modules\next\dist\compil
ed\next-server\app-page.runtime.prod.js:12:47572)
    at nM (C:\Users\angpe\Desktop\Jackpot\Xiapool\node_modules\next\dist\compil
ed\next-server\app-page.runtime.prod.js:12:61547)
    at nL (C:\Users\angpe\Desktop\Jackpot\Xiapool\node_modules\next\dist\compil
ed\next-server\app-page.runtime.prod.js:12:64547)
    at nB (C:\Users\angpe\Desktop\Jackpot\Xiapool\node_modules\next\dist\compil
ed\next-server\app-page.runtime.prod.js:12:67539)
    at nD (C:\Users\angpe\Desktop\Jackpot\Xiapool\node_modules\next\dist\compil
ed\next-server\app-page.runtime.prod.js:12:66681)
    at nL (C:\Users\angpe\Desktop\Jackpot\Xiapool\node_modules\next\dist\compil
ed\next-server\app-page.runtime.prod.js:12:64854)
    at nB (C:\Users\angpe\Desktop\Jackpot\Xiapool\node_modules\next\dist\compil
ed\next-server\app-page.runtime.prod.js:12:67539) {
  digest: '2727067523'
}

Error occurred prerendering page "/tasks/new". Read more: https://nextjs.org/do
cs/messages/prerender-error

Error: useLanguage must be used within a LanguageProvider
    at l (C:\Users\angpe\Desktop\Jackpot\Xiapool\.next\server\chunks\922.js:1:1
4826)
    at l (C:\Users\angpe\Desktop\Jackpot\Xiapool\.next\server\chunks\922.js:1:6
33)
    at nj (C:\Users\angpe\Desktop\Jackpot\Xiapool\node_modules\next\dist\compil
ed\next-server\app-page.runtime.prod.js:12:46252)
    at nM (C:\Users\angpe\Desktop\Jackpot\Xiapool\node_modules\next\dist\compil
ed\next-server\app-page.runtime.prod.js:12:47572)
    at nM (C:\Users\angpe\Desktop\Jackpot\Xiapool\node_modules\next\dist\compil
ed\next-server\app-page.runtime.prod.js:12:61547)
    at nL (C:\Users\angpe\Desktop\Jackpot\Xiapool\node_modules\next\dist\compil
ed\next-server\app-page.runtime.prod.js:12:64547)
    at nB (C:\Users\angpe\Desktop\Jackpot\Xiapool\node_modules\next\dist\compil
ed\next-server\app-page.runtime.prod.js:12:67539)
    at nD (C:\Users\angpe\Desktop\Jackpot\Xiapool\node_modules\next\dist\compil
ed\next-server\app-page.runtime.prod.js:12:66681)
    at nL (C:\Users\angpe\Desktop\Jackpot\Xiapool\node_modules\next\dist\compil
ed\next-server\app-page.runtime.prod.js:12:64854)
    at nB (C:\Users\angpe\Desktop\Jackpot\Xiapool\node_modules\next\dist\compil
ed\next-server\app-page.runtime.prod.js:12:67539)
Error: useLanguage must be used within a LanguageProvider
    at l (C:\Users\angpe\Desktop\Jackpot\Xiapool\.next\server\chunks\922.js:1:1
4826)
    at l (C:\Users\angpe\Desktop\Jackpot\Xiapool\.next\server\chunks\922.js:1:6
33)
    at nj (C:\Users\angpe\Desktop\Jackpot\Xiapool\node_modules\next\dist\compil
ed\next-server\app-page.runtime.prod.js:12:46252)
    at nM (C:\Users\angpe\Desktop\Jackpot\Xiapool\node_modules\next\dist\compil
ed\next-server\app-page.runtime.prod.js:12:47572)
    at nM (C:\Users\angpe\Desktop\Jackpot\Xiapool\node_modules\next\dist\compil
ed\next-server\app-page.runtime.prod.js:12:61547)
    at nL (C:\Users\angpe\Desktop\Jackpot\Xiapool\node_modules\next\dist\compil
ed\next-server\app-page.runtime.prod.js:12:64547)
    at nB (C:\Users\angpe\Desktop\Jackpot\Xiapool\node_modules\next\dist\compil
ed\next-server\app-page.runtime.prod.js:12:67539)
    at nD (C:\Users\angpe\Desktop\Jackpot\Xiapool\node_modules\next\dist\compil
ed\next-server\app-page.runtime.prod.js:12:66681)
    at nL (C:\Users\angpe\Desktop\Jackpot\Xiapool\node_modules\next\dist\compil
ed\next-server\app-page.runtime.prod.js:12:64854)
    at nB (C:\Users\angpe\Desktop\Jackpot\Xiapool\node_modules\next\dist\compil
ed\next-server\app-page.runtime.prod.js:12:67539) {
  digest: '2727067523'
}

Error occurred prerendering page "/explore". Read more: https://nextjs.org/docs
/messages/prerender-error

Error: useLanguage must be used within a LanguageProvider
    at l (C:\Users\angpe\Desktop\Jackpot\Xiapool\.next\server\chunks\922.js:1:1
4826)
    at l (C:\Users\angpe\Desktop\Jackpot\Xiapool\.next\server\chunks\922.js:1:6
33)
    at nj (C:\Users\angpe\Desktop\Jackpot\Xiapool\node_modules\next\dist\compil
ed\next-server\app-page.runtime.prod.js:12:46252)
    at nM (C:\Users\angpe\Desktop\Jackpot\Xiapool\node_modules\next\dist\compil
ed\next-server\app-page.runtime.prod.js:12:47572)
    at nM (C:\Users\angpe\Desktop\Jackpot\Xiapool\node_modules\next\dist\compil
ed\next-server\app-page.runtime.prod.js:12:61547)
    at nL (C:\Users\angpe\Desktop\Jackpot\Xiapool\node_modules\next\dist\compil
ed\next-server\app-page.runtime.prod.js:12:64547)
    at nB (C:\Users\angpe\Desktop\Jackpot\Xiapool\node_modules\next\dist\compil
ed\next-server\app-page.runtime.prod.js:12:67539)
    at nD (C:\Users\angpe\Desktop\Jackpot\Xiapool\node_modules\next\dist\compil
ed\next-server\app-page.runtime.prod.js:12:66681)
    at nL (C:\Users\angpe\Desktop\Jackpot\Xiapool\node_modules\next\dist\compil
ed\next-server\app-page.runtime.prod.js:12:64854)
    at nB (C:\Users\angpe\Desktop\Jackpot\Xiapool\node_modules\next\dist\compil
ed\next-server\app-page.runtime.prod.js:12:67539)
   Generating static pages (2/9) 
Error: useLanguage must be used within a LanguageProvider
    at l (C:\Users\angpe\Desktop\Jackpot\Xiapool\.next\server\chunks\922.js:1:1
4826)
    at l (C:\Users\angpe\Desktop\Jackpot\Xiapool\.next\server\chunks\922.js:1:6
33)
    at nj (C:\Users\angpe\Desktop\Jackpot\Xiapool\node_modules\next\dist\compil
ed\next-server\app-page.runtime.prod.js:12:46252)
    at nM (C:\Users\angpe\Desktop\Jackpot\Xiapool\node_modules\next\dist\compil
ed\next-server\app-page.runtime.prod.js:12:47572)
    at nM (C:\Users\angpe\Desktop\Jackpot\Xiapool\node_modules\next\dist\compil
ed\next-server\app-page.runtime.prod.js:12:61547)
    at nL (C:\Users\angpe\Desktop\Jackpot\Xiapool\node_modules\next\dist\compil
ed\next-server\app-page.runtime.prod.js:12:64547)
    at nB (C:\Users\angpe\Desktop\Jackpot\Xiapool\node_modules\next\dist\compil
ed\next-server\app-page.runtime.prod.js:12:67539)
    at nD (C:\Users\angpe\Desktop\Jackpot\Xiapool\node_modules\next\dist\compil
ed\next-server\app-page.runtime.prod.js:12:66681)
    at nL (C:\Users\angpe\Desktop\Jackpot\Xiapool\node_modules\next\dist\compil
ed\next-server\app-page.runtime.prod.js:12:64854)
    at nB (C:\Users\angpe\Desktop\Jackpot\Xiapool\node_modules\next\dist\compil
ed\next-server\app-page.runtime.prod.js:12:67539) {
  digest: '2727067523'
}

Error occurred prerendering page "/agents/register". Read more: https://nextjs.
org/docs/messages/prerender-error

Error: useLanguage must be used within a LanguageProvider
    at l (C:\Users\angpe\Desktop\Jackpot\Xiapool\.next\server\chunks\922.js:1:1
4826)
    at l (C:\Users\angpe\Desktop\Jackpot\Xiapool\.next\server\chunks\922.js:1:6
33)
    at nj (C:\Users\angpe\Desktop\Jackpot\Xiapool\node_modules\next\dist\compil
ed\next-server\app-page.runtime.prod.js:12:46252)
    at nM (C:\Users\angpe\Desktop\Jackpot\Xiapool\node_modules\next\dist\compil
ed\next-server\app-page.runtime.prod.js:12:47572)
    at nM (C:\Users\angpe\Desktop\Jackpot\Xiapool\node_modules\next\dist\compil
ed\next-server\app-page.runtime.prod.js:12:61547)
    at nL (C:\Users\angpe\Desktop\Jackpot\Xiapool\node_modules\next\dist\compil
ed\next-server\app-page.runtime.prod.js:12:64547)
    at nB (C:\Users\angpe\Desktop\Jackpot\Xiapool\node_modules\next\dist\compil
ed\next-server\app-page.runtime.prod.js:12:67539)
    at nD (C:\Users\angpe\Desktop\Jackpot\Xiapool\node_modules\next\dist\compil
ed\next-server\app-page.runtime.prod.js:12:66681)
    at nL (C:\Users\angpe\Desktop\Jackpot\Xiapool\node_modules\next\dist\compil
ed\next-server\app-page.runtime.prod.js:12:64854)
    at nB (C:\Users\angpe\Desktop\Jackpot\Xiapool\node_modules\next\dist\compil
ed\next-server\app-page.runtime.prod.js:12:67539)
   Generating static pages (4/9) 
   Generating static pages (6/9) 
Error: useLanguage must be used within a LanguageProvider
    at l (C:\Users\angpe\Desktop\Jackpot\Xiapool\.next\server\chunks\922.js:1:1
4826)
    at l (C:\Users\angpe\Desktop\Jackpot\Xiapool\.next\server\chunks\922.js:1:6
33)
    at nj (C:\Users\angpe\Desktop\Jackpot\Xiapool\node_modules\next\dist\compil
ed\next-server\app-page.runtime.prod.js:12:46252)
    at nM (C:\Users\angpe\Desktop\Jackpot\Xiapool\node_modules\next\dist\compil
ed\next-server\app-page.runtime.prod.js:12:47572)
    at nM (C:\Users\angpe\Desktop\Jackpot\Xiapool\node_modules\next\dist\compil
ed\next-server\app-page.runtime.prod.js:12:61547)
    at nL (C:\Users\angpe\Desktop\Jackpot\Xiapool\node_modules\next\dist\compil
ed\next-server\app-page.runtime.prod.js:12:64547)
    at nB (C:\Users\angpe\Desktop\Jackpot\Xiapool\node_modules\next\dist\compil
ed\next-server\app-page.runtime.prod.js:12:67539)
    at nD (C:\Users\angpe\Desktop\Jackpot\Xiapool\node_modules\next\dist\compil
ed\next-server\app-page.runtime.prod.js:12:66681)
    at nL (C:\Users\angpe\Desktop\Jackpot\Xiapool\node_modules\next\dist\compil
ed\next-server\app-page.runtime.prod.js:12:64854)
    at nB (C:\Users\angpe\Desktop\Jackpot\Xiapool\node_modules\next\dist\compil
ed\next-server\app-page.runtime.prod.js:12:67539) {
  digest: '2727067523'
}
Error: useLanguage must be used within a LanguageProvider
    at l (C:\Users\angpe\Desktop\Jackpot\Xiapool\.next\server\chunks\922.js:1:1
4826)
    at l (C:\Users\angpe\Desktop\Jackpot\Xiapool\.next\server\chunks\922.js:1:6
33)
    at nj (C:\Users\angpe\Desktop\Jackpot\Xiapool\node_modules\next\dist\compil
ed\next-server\app-page.runtime.prod.js:12:46252)
    at nM (C:\Users\angpe\Desktop\Jackpot\Xiapool\node_modules\next\dist\compil
ed\next-server\app-page.runtime.prod.js:12:47572)
    at nM (C:\Users\angpe\Desktop\Jackpot\Xiapool\node_modules\next\dist\compil
ed\next-server\app-page.runtime.prod.js:12:61547)
    at nL (C:\Users\angpe\Desktop\Jackpot\Xiapool\node_modules\next\dist\compil
ed\next-server\app-page.runtime.prod.js:12:64547)
    at nB (C:\Users\angpe\Desktop\Jackpot\Xiapool\node_modules\next\dist\compil
ed\next-server\app-page.runtime.prod.js:12:67539)
    at nD (C:\Users\angpe\Desktop\Jackpot\Xiapool\node_modules\next\dist\compil
ed\next-server\app-page.runtime.prod.js:12:66681)
    at nL (C:\Users\angpe\Desktop\Jackpot\Xiapool\node_modules\next\dist\compil
ed\next-server\app-page.runtime.prod.js:12:64854)
    at nB (C:\Users\angpe\Desktop\Jackpot\Xiapool\node_modules\next\dist\compil
ed\next-server\app-page.runtime.prod.js:12:67539) {
  digest: '2727067523'
}

Error occurred prerendering page "/about". Read more: https://nextjs.org/docs/m
essages/prerender-error

Error: useLanguage must be used within a LanguageProvider
    at l (C:\Users\angpe\Desktop\Jackpot\Xiapool\.next\server\chunks\922.js:1:1
4826)
    at l (C:\Users\angpe\Desktop\Jackpot\Xiapool\.next\server\chunks\922.js:1:6
33)
    at nj (C:\Users\angpe\Desktop\Jackpot\Xiapool\node_modules\next\dist\compil
ed\next-server\app-page.runtime.prod.js:12:46252)
    at nM (C:\Users\angpe\Desktop\Jackpot\Xiapool\node_modules\next\dist\compil
ed\next-server\app-page.runtime.prod.js:12:47572)
    at nM (C:\Users\angpe\Desktop\Jackpot\Xiapool\node_modules\next\dist\compil
ed\next-server\app-page.runtime.prod.js:12:61547)
    at nL (C:\Users\angpe\Desktop\Jackpot\Xiapool\node_modules\next\dist\compil
ed\next-server\app-page.runtime.prod.js:12:64547)
    at nB (C:\Users\angpe\Desktop\Jackpot\Xiapool\node_modules\next\dist\compil
ed\next-server\app-page.runtime.prod.js:12:67539)
    at nD (C:\Users\angpe\Desktop\Jackpot\Xiapool\node_modules\next\dist\compil
ed\next-server\app-page.runtime.prod.js:12:66681)
    at nL (C:\Users\angpe\Desktop\Jackpot\Xiapool\node_modules\next\dist\compil
ed\next-server\app-page.runtime.prod.js:12:64854)
    at nB (C:\Users\angpe\Desktop\Jackpot\Xiapool\node_modules\next\dist\compil
ed\next-server\app-page.runtime.prod.js:12:67539)

Error occurred prerendering page "/_not-found". Read more: https://nextjs.org/d
ocs/messages/prerender-error

Error: useLanguage must be used within a LanguageProvider
    at l (C:\Users\angpe\Desktop\Jackpot\Xiapool\.next\server\chunks\922.js:1:1
4826)
    at l (C:\Users\angpe\Desktop\Jackpot\Xiapool\.next\server\chunks\922.js:1:6
33)
    at nj (C:\Users\angpe\Desktop\Jackpot\Xiapool\node_modules\next\dist\compil
ed\next-server\app-page.runtime.prod.js:12:46252)
    at nM (C:\Users\angpe\Desktop\Jackpot\Xiapool\node_modules\next\dist\compil
ed\next-server\app-page.runtime.prod.js:12:47572)
    at nM (C:\Users\angpe\Desktop\Jackpot\Xiapool\node_modules\next\dist\compil
ed\next-server\app-page.runtime.prod.js:12:61547)
    at nL (C:\Users\angpe\Desktop\Jackpot\Xiapool\node_modules\next\dist\compil
ed\next-server\app-page.runtime.prod.js:12:64547)
    at nB (C:\Users\angpe\Desktop\Jackpot\Xiapool\node_modules\next\dist\compil
ed\next-server\app-page.runtime.prod.js:12:67539)
    at nD (C:\Users\angpe\Desktop\Jackpot\Xiapool\node_modules\next\dist\compil
ed\next-server\app-page.runtime.prod.js:12:66681)
    at nL (C:\Users\angpe\Desktop\Jackpot\Xiapool\node_modules\next\dist\compil
ed\next-server\app-page.runtime.prod.js:12:64854)
    at nB (C:\Users\angpe\Desktop\Jackpot\Xiapool\node_modules\next\dist\compil
ed\next-server\app-page.runtime.prod.js:12:67539)
 Γ£ô Generating static pages (9/9)

> Export encountered errors on following paths:
	/_not-found/page: /_not-found
	/about/page: /about
	/agents/register/page: /agents/register
	/explore/page: /explore
	/page: /
	/tasks/new/page: /tasks/new
